mysql> CREATE DATABASE vk;
Query OK, 1 row affected (0,05 sec)

mysql> SHOW TABLES;
ERROR 1046 (3D000): No database selected
mysql> USE vk;
Database changed
mysql> SHOW TABLES;
Empty set (0,00 sec)

mysql> SHOW TABLES;
Empty set (0,01 sec)

mysql> \q
Bye
macbook@MacBook-Pro-Macbook ~ % mysql vk < /Users/macbook/Desktop/fulldb28-04-2021\ 12-54.sql
macbook@MacBook-Pro-Macbook ~ % mysql
Welcome to the MySQL monitor.  Commands end with ; or \g.
Your MySQL connection id is 57
Server version: 8.0.23 MySQL Community Server - GPL

Copyright (c) 2000, 2021, Oracle and/or its affiliates.

Oracle is a registered trademark of Oracle Corporation and/or its
affiliates. Other names may be trademarks of their respective
owners.

Type 'help;' or '\h' for help. Type '\c' to clear the current input statement.

mysql> USE vk;
Reading table information for completion of table and column names
You can turn off this feature to get a quicker startup with -A

Database changed
mysql> SHOW TABLES;
+---------------------+
| Tables_in_vk        |
+---------------------+
| cities              |
| communities         |
| communities_users   |
| countries           |
| friendship          |
| friendship_statuses |
| media               |
| media_types         |
| messages            |
| profiles            |
| users               |
+---------------------+
11 rows in set (0,00 sec)
mysql> exit
Bye
macbook@MacBook-Pro-Macbook ~ %